16:05:17.903 [main] INFO  testCases.TC001_AccountRegistrationTest - Providing the customer details....
16:05:19.403 [main] INFO  testCases.TC001_AccountRegistrationTest - validating the Expected Message....
16:05:19.431 [main] INFO  testCases.TC001_AccountRegistrationTest - *****finished TC001_AccountRegistrationTest******
16:07:39.443 [main] INFO  testCases.TC001_AccountRegistrationTest - *****Starting TC001_AccountRegistrationTest******
16:07:39.523 [main] INFO  testCases.TC001_AccountRegistrationTest - Clicked on My Account....
16:07:40.136 [main] INFO  testCases.TC001_AccountRegistrationTest - Clicked on Register...
16:07:40.138 [main] INFO  testCases.TC001_AccountRegistrationTest - Providing the customer details....
16:07:41.614 [main] INFO  testCases.TC001_AccountRegistrationTest - validating the Expected Message....
16:07:41.645 [main] INFO  testCases.TC001_AccountRegistrationTest - *****finished TC001_AccountRegistrationTest******
16:07:50.687 [main] INFO  testCases.TC001_AccountRegistrationTest - *****Starting TC001_AccountRegistrationTest******
16:07:50.754 [main] INFO  testCases.TC001_AccountRegistrationTest - Clicked on My Account....
16:07:52.192 [main] INFO  testCases.TC001_AccountRegistrationTest - Clicked on Register...
16:07:52.192 [main] INFO  testCases.TC001_AccountRegistrationTest - Providing the customer details....
16:07:53.589 [main] INFO  testCases.TC001_AccountRegistrationTest - validating the Expected Message....
16:07:53.613 [main] INFO  testCases.TC001_AccountRegistrationTest - *****finished TC001_AccountRegistrationTest******
16:07:57.778 [main] INFO  testCases.TC001_AccountRegistrationTest - *****Starting TC001_AccountRegistrationTest******
16:07:57.868 [main] INFO  testCases.TC001_AccountRegistrationTest - Clicked on My Account....
16:07:58.487 [main] INFO  testCases.TC001_AccountRegistrationTest - Clicked on Register...
16:07:58.487 [main] INFO  testCases.TC001_AccountRegistrationTest - Providing the customer details....
16:07:59.753 [main] INFO  testCases.TC001_AccountRegistrationTest - validating the Expected Message....
16:07:59.765 [main] INFO  testCases.TC001_AccountRegistrationTest - *****finished TC001_AccountRegistrationTest******
16:09:24.790 [TestNG-tests-1] INFO  testCases.TC001_AccountRegistrationTest - *****Starting TC001_AccountRegistrationTest******
16:09:24.936 [TestNG-tests-1] INFO  testCases.TC001_AccountRegistrationTest - Clicked on My Account....
16:09:25.003 [TestNG-tests-2] INFO  testCases.TC001_AccountRegistrationTest - *****Starting TC001_AccountRegistrationTest******
16:09:25.169 [TestNG-tests-2] INFO  testCases.TC001_AccountRegistrationTest - Clicked on My Account....
16:09:25.702 [TestNG-tests-1] INFO  testCases.TC001_AccountRegistrationTest - Clicked on Register...
16:09:25.703 [TestNG-tests-1] INFO  testCases.TC001_AccountRegistrationTest - Providing the customer details....
16:09:25.856 [TestNG-tests-2] INFO  testCases.TC001_AccountRegistrationTest - Clicked on Register...
16:09:25.858 [TestNG-tests-2] INFO  testCases.TC001_AccountRegistrationTest - Providing the customer details....
16:09:26.496 [TestNG-tests-3] INFO  testCases.TC001_AccountRegistrationTest - *****Starting TC001_AccountRegistrationTest******
16:09:26.595 [TestNG-tests-3] INFO  testCases.TC001_AccountRegistrationTest - Clicked on My Account....
16:09:27.836 [TestNG-tests-1] INFO  testCases.TC001_AccountRegistrationTest - validating the Expected Message....
16:09:27.862 [TestNG-tests-1] INFO  testCases.TC001_AccountRegistrationTest - *****finished TC001_AccountRegistrationTest******
16:09:28.010 [TestNG-tests-3] INFO  testCases.TC001_AccountRegistrationTest - Clicked on Register...
16:09:28.011 [TestNG-tests-3] INFO  testCases.TC001_AccountRegistrationTest - Providing the customer details....
16:09:28.060 [TestNG-tests-2] INFO  testCases.TC001_AccountRegistrationTest - validating the Expected Message....
16:09:28.101 [TestNG-tests-2] INFO  testCases.TC001_AccountRegistrationTest - *****finished TC001_AccountRegistrationTest******
16:09:29.334 [TestNG-tests-3] INFO  testCases.TC001_AccountRegistrationTest - validating the Expected Message....
16:09:29.355 [TestNG-tests-3] INFO  testCases.TC001_AccountRegistrationTest - *****finished TC001_AccountRegistrationTest******
16:25:04.132 [main] INFO  testCases.TC001_AccountRegistrationTest - *****Starting TC001_AccountRegistrationTest******
16:25:04.225 [main] INFO  testCases.TC001_AccountRegistrationTest - Clicked on My Account....
16:25:05.365 [main] INFO  testCases.TC001_AccountRegistrationTest - Clicked on Register...
16:25:05.365 [main] INFO  testCases.TC001_AccountRegistrationTest - Providing the customer details....
16:25:07.272 [main] INFO  testCases.TC001_AccountRegistrationTest - validating the Expected Message....
16:25:07.296 [main] INFO  testCases.TC001_AccountRegistrationTest - *****finished TC001_AccountRegistrationTest******
16:28:52.452 [main] INFO  testCases.TC001_AccountRegistrationTest - *****Starting TC001_AccountRegistrationTest******
