22:28:27.939 [main] DEBUG org.apache.poi.openxml4j.opc.PackageRelationshipCollection - Parsing relationship: /xl/worksheets/_rels/sheet1.xml.rels
22:28:27.955 [main] DEBUG org.apache.poi.openxml4j.opc.PackageRelationshipCollection - Parsing relationship: /_rels/.rels
22:28:27.969 [main] DEBUG org.apache.poi.openxml4j.opc.PackageRelationshipCollection - Parsing relationship: /xl/_rels/workbook.xml.rels
22:28:27.970 [main] DEBUG org.apache.poi.openxml4j.opc.PackageRelationshipCollection - Parsing relationship: /xl/worksheets/_rels/sheet1.xml.rels
22:28:27.970 [main] DEBUG org.apache.poi.openxml4j.opc.PackageRelationshipCollection - Parsing relationship: /_rels/.rels
22:28:28.013 [main] INFO  testCases.TC003_LoginDataDrivenTest - ****starting TC003_LoginDataDrivenTest**** 
22:28:30.598 [main] INFO  testCases.TC003_LoginDataDrivenTest - ****finished TC003_LoginDataDrivenTest**** 
22:28:30.603 [main] INFO  testCases.TC003_LoginDataDrivenTest - ****starting TC003_LoginDataDrivenTest**** 
22:28:32.855 [main] INFO  testCases.TC003_LoginDataDrivenTest - ****starting TC003_LoginDataDrivenTest**** 
22:28:35.520 [main] INFO  testCases.TC003_LoginDataDrivenTest - ****starting TC003_LoginDataDrivenTest**** 
22:28:46.953 [main] INFO  testCases.TC003_LoginDataDrivenTest - ****finished TC003_LoginDataDrivenTest**** 
20:46:16.657 [main] INFO  testCases.TC001_AccountRegistrationTest - *****Starting TC001_AccountRegistrationTest******
20:46:16.751 [main] INFO  testCases.TC001_AccountRegistrationTest - Clicked on My Account....
20:46:17.361 [main] INFO  testCases.TC001_AccountRegistrationTest - Clicked on Register...
20:46:17.363 [main] INFO  testCases.TC001_AccountRegistrationTest - Providing the customer details....
20:46:17.839 [main] INFO  testCases.TC001_AccountRegistrationTest - validating the Expected Message....
20:46:19.482 [main] INFO  testCases.TC001_AccountRegistrationTest - *****finished TC001_AccountRegistrationTest******
20:46:22.569 [main] INFO  testCases.TC002_LoginTest - *** starting TC002_LoginTest*** 
20:46:22.633 [main] INFO  testCases.TC002_LoginTest - Clicked on Account
20:46:23.053 [main] INFO  testCases.TC002_LoginTest - clicked on Login
20:46:24.324 [main] INFO  testCases.TC002_LoginTest - *** finished TC002_LoginTest*** 
14:27:03.080 [main] INFO  testCases.TC001_AccountRegistrationTest - *****Starting TC001_AccountRegistrationTest******
14:27:03.174 [main] INFO  testCases.TC001_AccountRegistrationTest - Clicked on My Account....
14:27:03.815 [main] INFO  testCases.TC001_AccountRegistrationTest - Clicked on Register...
14:27:03.820 [main] INFO  testCases.TC001_AccountRegistrationTest - Providing the customer details....
14:27:04.269 [main] INFO  testCases.TC001_AccountRegistrationTest - validating the Expected Message....
14:27:05.326 [main] INFO  testCases.TC001_AccountRegistrationTest - *****finished TC001_AccountRegistrationTest******
14:27:08.393 [main] INFO  testCases.TC002_LoginTest - *** starting TC002_LoginTest*** 
14:27:08.463 [main] INFO  testCases.TC002_LoginTest - Clicked on Account
14:27:08.911 [main] INFO  testCases.TC002_LoginTest - clicked on Login
14:27:10.196 [main] INFO  testCases.TC002_LoginTest - *** finished TC002_LoginTest*** 
14:34:35.992 [main] INFO  testCases.TC001_AccountRegistrationTest - *****Starting TC001_AccountRegistrationTest******
14:34:36.096 [main] INFO  testCases.TC001_AccountRegistrationTest - Clicked on My Account....
14:34:36.768 [main] INFO  testCases.TC001_AccountRegistrationTest - Clicked on Register...
14:34:36.768 [main] INFO  testCases.TC001_AccountRegistrationTest - Providing the customer details....
14:34:37.254 [main] INFO  testCases.TC001_AccountRegistrationTest - validating the Expected Message....
14:34:38.511 [main] INFO  testCases.TC001_AccountRegistrationTest - *****finished TC001_AccountRegistrationTest******
14:34:41.633 [main] INFO  testCases.TC002_LoginTest - *** starting TC002_LoginTest*** 
14:34:41.701 [main] INFO  testCases.TC002_LoginTest - Clicked on Account
14:34:42.214 [main] INFO  testCases.TC002_LoginTest - clicked on Login
14:55:19.924 [main] INFO  testCases.TC002_LoginTest - *** starting TC002_LoginTest*** 
14:55:20.026 [main] INFO  testCases.TC002_LoginTest - Clicked on Account
14:55:20.433 [main] INFO  testCases.TC002_LoginTest - clicked on Login
14:55:21.881 [main] INFO  testCases.TC002_LoginTest - *** finished TC002_LoginTest*** 
14:58:55.509 [main] DEBUG org.apache.poi.openxml4j.opc.PackageRelationshipCollection - Parsing relationship: /xl/_rels/workbook.xml.rels
14:58:55.515 [main] DEBUG org.apache.poi.openxml4j.opc.PackageRelationshipCollection - Parsing relationship: /xl/worksheets/_rels/sheet1.xml.rels
14:58:55.516 [main] DEBUG org.apache.poi.openxml4j.opc.PackageRelationshipCollection - Parsing relationship: /_rels/.rels
14:58:56.027 [main] DEBUG org.apache.poi.openxml4j.opc.PackageRelationshipCollection - Parsing relationship: /xl/_rels/workbook.xml.rels
14:58:56.027 [main] DEBUG org.apache.poi.openxml4j.opc.PackageRelationshipCollection - Parsing relationship: /xl/worksheets/_rels/sheet1.xml.rels
