21:57:04.664 [main] INFO  testCases.TC001_AccountRegistrationTest - *****Starting TC001_AccountRegistrationTest******
21:57:04.846 [main] INFO  testCases.TC001_AccountRegistrationTest - Clicked on My Account....
21:57:05.580 [main] INFO  testCases.TC001_AccountRegistrationTest - Clicked on Register...
21:57:05.585 [main] INFO  testCases.TC001_AccountRegistrationTest - Providing the cutomer details....
21:57:08.550 [main] INFO  testCases.TC001_AccountRegistrationTest - validating the Expected Message....
21:59:21.976 [main] INFO  testCases.TC001_AccountRegistrationTest - *****Starting TC001_AccountRegistrationTest******
21:59:22.235 [main] INFO  testCases.TC001_AccountRegistrationTest - Clicked on My Account....
21:59:24.433 [main] INFO  testCases.TC001_AccountRegistrationTest - Clicked on Register...
21:59:24.437 [main] INFO  testCases.TC001_AccountRegistrationTest - Providing the customer details....
21:59:27.137 [main] INFO  testCases.TC001_AccountRegistrationTest - validating the Expected Message....
21:59:27.216 [main] INFO  testCases.TC001_AccountRegistrationTest - *****finished TC001_AccountRegistrationTest******
22:05:36.066 [main] INFO  testCases.TC001_AccountRegistrationTest - *****Starting TC001_AccountRegistrationTest******
22:05:36.270 [main] INFO  testCases.TC001_AccountRegistrationTest - Clicked on My Account....
22:05:37.026 [main] INFO  testCases.TC001_AccountRegistrationTest - Clicked on Register...
22:05:37.031 [main] INFO  testCases.TC001_AccountRegistrationTest - Providing the customer details....
22:05:39.606 [main] INFO  testCases.TC001_AccountRegistrationTest - validating the Expected Message....
22:05:39.667 [main] INFO  testCases.TC001_AccountRegistrationTest - *****finished TC001_AccountRegistrationTest******
22:07:59.524 [main] INFO  testCases.TC001_AccountRegistrationTest - *****Starting TC001_AccountRegistrationTest******
22:07:59.725 [main] INFO  testCases.TC001_AccountRegistrationTest - Clicked on My Account....
22:08:00.491 [main] INFO  testCases.TC001_AccountRegistrationTest - Clicked on Register...
22:08:00.493 [main] INFO  testCases.TC001_AccountRegistrationTest - Providing the customer details....
22:08:03.139 [main] INFO  testCases.TC001_AccountRegistrationTest - validating the Expected Message....
22:10:37.988 [main] INFO  testCases.TC001_AccountRegistrationTest - *****Starting TC001_AccountRegistrationTest******
22:10:38.225 [main] INFO  testCases.TC001_AccountRegistrationTest - Clicked on My Account....
22:10:39.127 [main] INFO  testCases.TC001_AccountRegistrationTest - Clicked on Register...
22:10:39.131 [main] INFO  testCases.TC001_AccountRegistrationTest - Providing the customer details....
22:10:41.674 [main] INFO  testCases.TC001_AccountRegistrationTest - validating the Expected Message....
16:03:56.486 [main] INFO  testCases.TC001_AccountRegistrationTest - *****Starting TC001_AccountRegistrationTest******
16:03:56.590 [main] INFO  testCases.TC001_AccountRegistrationTest - Clicked on My Account....
16:03:57.226 [main] INFO  testCases.TC001_AccountRegistrationTest - Clicked on Register...
16:03:57.228 [main] INFO  testCases.TC001_AccountRegistrationTest - Providing the customer details....
16:03:59.469 [main] INFO  testCases.TC001_AccountRegistrationTest - validating the Expected Message....
16:03:59.496 [main] INFO  testCases.TC001_AccountRegistrationTest - *****finished TC001_AccountRegistrationTest******
16:04:28.583 [main] INFO  testCases.TC001_AccountRegistrationTest - *****Starting TC001_AccountRegistrationTest******
16:04:28.711 [main] INFO  testCases.TC001_AccountRegistrationTest - Clicked on My Account....
16:04:29.395 [main] INFO  testCases.TC001_AccountRegistrationTest - Clicked on Register...
16:04:29.396 [main] INFO  testCases.TC001_AccountRegistrationTest - Providing the customer details....
16:04:30.746 [main] INFO  testCases.TC001_AccountRegistrationTest - validating the Expected Message....
16:04:30.762 [main] INFO  testCases.TC001_AccountRegistrationTest - *****finished TC001_AccountRegistrationTest******
16:04:54.577 [main] INFO  testCases.TC001_AccountRegistrationTest - *****Starting TC001_AccountRegistrationTest******
16:04:54.651 [main] INFO  testCases.TC001_AccountRegistrationTest - Clicked on My Account....
16:04:55.250 [main] INFO  testCases.TC001_AccountRegistrationTest - Clicked on Register...
16:04:55.253 [main] INFO  testCases.TC001_AccountRegistrationTest - Providing the customer details....
16:04:56.729 [main] INFO  testCases.TC001_AccountRegistrationTest - validating the Expected Message....
16:04:56.755 [main] INFO  testCases.TC001_AccountRegistrationTest - *****finished TC001_AccountRegistrationTest******
16:05:17.140 [main] INFO  testCases.TC001_AccountRegistrationTest - *****Starting TC001_AccountRegistrationTest******
16:05:17.216 [main] INFO  testCases.TC001_AccountRegistrationTest - Clicked on My Account....
16:05:17.900 [main] INFO  testCases.TC001_AccountRegistrationTest - Clicked on Register...
